============================= test session starts =============================
platform win32 -- Python 3.12.2, pytest-9.0.1, pluggy-1.6.0 -- C:\Program Files\Python312\python.exe
cachedir: .pytest_cache
django: version: 4.2.26, settings: sdscc.settings (from ini)
rootdir: C:\Users\Skillnet\Desktop\Shalom_manager
configfile: pytest.ini
plugins: cov-7.0.0, django-4.11.1
collecting ... collected 9 items / 1 error

=================================== ERRORS ====================================
______________________ ERROR collecting test_output.txt _______________________
C:\Program Files\Python312\Lib\pathlib.py:1028: in read_text
    return f.read()
           ^^^^^^^^
<frozen codecs>:322: in decode
    ???
E   UnicodeDecodeError: 'utf-8' codec can't decode byte 0xff in position 0: invalid start byte
============================== warnings summary ===============================
..\..\AppData\Roaming\Python\Python312\site-packages\django\conf\__init__.py:289
  C:\Users\Skillnet\AppData\Roaming\Python\Python312\site-packages\django\conf\__init__.py:289: RemovedInDjango51Warning: The STATICFILES_STORAGE setting is deprecated. Use STORAGES instead.
    warnings.warn(STATICFILES_STORAGE_DEPRECATED_MSG, RemovedInDjango51Warning)

..\..\AppData\Roaming\Python\Python312\site-packages\django_q\conf.py:179
  C:\Users\Skillnet\AppData\Roaming\Python\Python312\site-packages\django_q\conf.py:179: UserWarning: Retry and timeout are misconfigured. Set retry larger than timeout,failure to do so will cause the tasks to be retriggered before completion.See https://django-q2.readthedocs.io/en/master/configure.html#retry for details.
    warn(

-- Docs: https://docs.pytest.org/en/stable/how-to/capture-warnings.html
=========================== short test summary info ===========================
ERROR test_output.txt - UnicodeDecodeError: 'utf-8' codec can't decode byte 0...
!!!!!!!!!!!!!!!!!!! Interrupted: 1 error during collection !!!!!!!!!!!!!!!!!!!!
======================== 2 warnings, 1 error in 1.01s =========================
